2026-09-15 05:29:45.283: [INFO] CurrentProfilePath: C:\Users\ELCOT\Documents\food donation ai\scratch\edge_profile\Default
2026-09-15 05:29:45.283: [INFO] Profiles total count: 1
2026-09-15 05:29:45.283: [INFO] Profile: name=Profile 1 path=C:\Users\ELCOT\Documents\food donation ai\scratch\edge_profile\Default lastActive=null
2026-09-15 05:29:45.283: [INFO] LastUsedProfileDir: C:\Users\ELCOT\Documents\food donation ai\scratch\edge_profile\Default
2026-09-15 05:29:45.283: [INFO] VisibilityChanged: 0
2026-09-15 05:29:45.356: [INFO] OnDoneLoading sync enabled: 0
2026-09-15 05:29:45.356: [INFO] BookmarkModelLoaded, ids_reassigned: 0
2026-09-15 05:29:45.356: [INFO] BookmarksLoadDropped droppedNodes=0
2026-09-15 05:29:45.356: [INFO] BookmarksSnapshot Startup total=0 bar=0 other=0 mobile=0 showBar=0 showBarNTP=1
2026-09-15 05:29:45.381: [INFO] RecordSyncInitDuration has_sync_been_enabled: 0 state: 3
2026-09-15 05:29:45.443: [INFO] RecordSyncInitDuration has_sync_been_enabled: 0 state: 3
2026-09-15 05:29:46.962: [INFO] RecordSyncInitDuration has_sync_been_enabled: 0 state: 3
2026-09-15 05:29:46.971: [INFO] RecordSyncInitDuration has_sync_been_enabled: 0 state: 3
2026-09-15 05:29:46.975: [INFO] RecordSyncInitDuration has_sync_been_enabled: 0 state: 3
2026-09-15 05:29:46.978: [INFO] RecordSyncInitDuration has_sync_been_enabled: 0 state: 3
2026-09-15 05:29:46.981: [INFO] RecordSyncInitDuration has_sync_been_enabled: 0 state: 3
2026-09-15 05:29:46.984: [INFO] RecordSyncInitDuration has_sync_been_enabled: 0 state: 3
2026-09-15 05:29:46.988: [INFO] RecordSyncInitDuration has_sync_been_enabled: 0 state: 5
2026-09-15 05:29:46.992: [INFO] RecordSyncInitDuration has_sync_been_enabled: 0 state: 5
2026-09-15 05:29:47.740: [INFO] RecordSyncInitDuration has_sync_been_enabled: 0 state: 5
2026-09-15 05:29:47.742: [INFO] RecordSyncInitDuration has_sync_been_enabled: 0 state: 5
2026-09-15 05:29:48.209: [INFO] RecordSyncInitDuration has_sync_been_enabled: 0 state: 5
2026-09-15 05:29:48.717: [INFO] RecordSyncInitDuration has_sync_been_enabled: 0 state: 5
2026-09-15 05:29:48.721: [INFO] RecordSyncInitDuration has_sync_been_enabled: 0 state: 6
2026-09-15 05:29:48.724: [INFO] RecordSyncInitDuration has_sync_been_enabled: 0 state: 6
2026-09-15 05:29:49.645: [INFO] RecordSyncInitDuration has_sync_been_enabled: 0 state: 6
2026-09-15 05:29:49.653: [INFO] RecordSyncInitDuration has_sync_been_enabled: 0 state: 6
2026-09-15 05:29:49.854: [INFO] RecordSyncInitDuration has_sync_been_enabled: 0 state: 6
2026-09-15 05:30:14.440: [INFO] CurrentProfilePath: C:\Users\ELCOT\Documents\food donation ai\scratch\edge_profile\Default
2026-09-15 05:30:14.440: [INFO] Profiles total count: 1
2026-09-15 05:30:14.440: [INFO] Profile: name=Profile 1 path=C:\Users\ELCOT\Documents\food donation ai\scratch\edge_profile\Default lastActive=null
2026-09-15 05:30:14.440: [INFO] LastUsedProfileDir: C:\Users\ELCOT\Documents\food donation ai\scratch\edge_profile\Default
2026-09-15 05:30:14.440: [INFO] VisibilityChanged: 0
2026-09-15 05:30:14.503: [INFO] OnDoneLoading sync enabled: 0
2026-09-15 05:30:14.503: [INFO] BookmarkModelLoaded, ids_reassigned: 0
2026-09-15 05:30:14.503: [INFO] BookmarksLoadDropped droppedNodes=0
2026-09-15 05:30:14.503: [INFO] BookmarksSnapshot Startup total=0 bar=0 other=0 mobile=0 showBar=0 showBarNTP=1
2026-09-15 05:30:14.526: [INFO] RecordSyncInitDuration has_sync_been_enabled: 0 state: 3
2026-09-15 05:30:14.589: [INFO] RecordSyncInitDuration has_sync_been_enabled: 0 state: 3
2026-09-15 05:30:15.860: [INFO] RecordSyncInitDuration has_sync_been_enabled: 0 state: 3
2026-09-15 05:30:15.862: [INFO] RecordSyncInitDuration has_sync_been_enabled: 0 state: 3
2026-09-15 05:30:15.864: [INFO] RecordSyncInitDuration has_sync_been_enabled: 0 state: 3
2026-09-15 05:30:15.868: [INFO] RecordSyncInitDuration has_sync_been_enabled: 0 state: 3
2026-09-15 05:30:15.870: [INFO] RecordSyncInitDuration has_sync_been_enabled: 0 state: 3
2026-09-15 05:30:15.872: [INFO] RecordSyncInitDuration has_sync_been_enabled: 0 state: 3
2026-09-15 05:30:15.874: [INFO] RecordSyncInitDuration has_sync_been_enabled: 0 state: 5
2026-09-15 05:30:15.877: [INFO] RecordSyncInitDuration has_sync_been_enabled: 0 state: 5
2026-09-15 05:30:16.560: [INFO] RecordSyncInitDuration has_sync_been_enabled: 0 state: 5
2026-09-15 05:30:16.563: [INFO] RecordSyncInitDuration has_sync_been_enabled: 0 state: 5
2026-09-15 05:30:16.877: [INFO] RecordSyncInitDuration has_sync_been_enabled: 0 state: 5
2026-09-15 05:30:17.199: [INFO] RecordSyncInitDuration has_sync_been_enabled: 0 state: 5
2026-09-15 05:30:17.203: [INFO] RecordSyncInitDuration has_sync_been_enabled: 0 state: 6
2026-09-15 05:30:17.207: [INFO] RecordSyncInitDuration has_sync_been_enabled: 0 state: 6
2026-09-15 05:30:18.312: [INFO] RecordSyncInitDuration has_sync_been_enabled: 0 state: 6
2026-09-15 05:30:18.314: [INFO] RecordSyncInitDuration has_sync_been_enabled: 0 state: 6
2026-09-15 05:30:18.527: [INFO] RecordSyncInitDuration has_sync_been_enabled: 0 state: 6
2026-09-15 05:32:46.532: [INFO] CurrentProfilePath: C:\Users\ELCOT\Documents\food donation ai\scratch\edge_profile\Default
2026-09-15 05:32:46.532: [INFO] Profiles total count: 1
2026-09-15 05:32:46.532: [INFO] Profile: name=Profile 1 path=C:\Users\ELCOT\Documents\food donation ai\scratch\edge_profile\Default lastActive=2026-09-15T05:30:14.470Z
2026-09-15 05:32:46.532: [INFO] LastUsedProfileDir: C:\Users\ELCOT\Documents\food donation ai\scratch\edge_profile\Default
2026-09-15 05:32:46.532: [INFO] MostRecentlyActiveProfile: name=Profile 1 path=C:\Users\ELCOT\Documents\food donation ai\scratch\edge_profile\Default lastActive=2026-09-15T05:30:14.470Z
2026-09-15 05:32:46.532: [INFO] VisibilityChanged: 0
2026-09-15 05:32:46.604: [INFO] OnDoneLoading sync enabled: 0
2026-09-15 05:32:46.604: [INFO] BookmarkModelLoaded, ids_reassigned: 0
2026-09-15 05:32:46.604: [INFO] BookmarksLoadDropped droppedNodes=0
2026-09-15 05:32:46.604: [INFO] BookmarksSnapshot Startup total=0 bar=0 other=0 mobile=0 showBar=0 showBarNTP=1
2026-09-15 05:32:56.484: [INFO] RecordSyncInitDuration has_sync_been_enabled: 0 state: 3
2026-09-15 05:32:56.487: [INFO] RecordSyncInitDuration has_sync_been_enabled: 0 state: 3
2026-09-15 05:32:56.491: [INFO] RecordSyncInitDuration has_sync_been_enabled: 0 state: 5
2026-09-15 05:32:56.494: [INFO] RecordSyncInitDuration has_sync_been_enabled: 0 state: 5
2026-09-15 05:32:56.498: [INFO] RecordSyncInitDuration has_sync_been_enabled: 0 state: 5
2026-09-15 05:32:56.504: [INFO] RecordSyncInitDuration has_sync_been_enabled: 0 state: 6
2026-09-15 05:32:56.508: [INFO] RecordSyncInitDuration has_sync_been_enabled: 0 state: 6
2026-09-15 05:32:56.802: [INFO] RecordSyncInitDuration has_sync_been_enabled: 0 state: 6
2026-09-15 05:32:56.815: [INFO] RecordSyncInitDuration has_sync_been_enabled: 0 state: 6
2026-09-15 05:32:56.889: [INFO] RecordSyncInitDuration has_sync_been_enabled: 0 state: 6
2026-09-15 05:33:28.459: [INFO] CurrentProfilePath: C:\Users\ELCOT\Documents\food donation ai\scratch\edge_profile\Default
2026-09-15 05:33:28.459: [INFO] Profiles total count: 1
2026-09-15 05:33:28.459: [INFO] Profile: name=Profile 1 path=C:\Users\ELCOT\Documents\food donation ai\scratch\edge_profile\Default lastActive=2026-09-15T05:32:46.560Z
2026-09-15 05:33:28.459: [INFO] LastUsedProfileDir: C:\Users\ELCOT\Documents\food donation ai\scratch\edge_profile\Default
2026-09-15 05:33:28.459: [INFO] MostRecentlyActiveProfile: name=Profile 1 path=C:\Users\ELCOT\Documents\food donation ai\scratch\edge_profile\Default lastActive=2026-09-15T05:32:46.560Z
2026-09-15 05:33:28.459: [INFO] VisibilityChanged: 0
2026-09-15 05:33:28.544: [INFO] OnDoneLoading sync enabled: 0
2026-09-15 05:33:28.544: [INFO] BookmarkModelLoaded, ids_reassigned: 0
2026-09-15 05:33:28.544: [INFO] BookmarksLoadDropped droppedNodes=0
2026-09-15 05:33:28.544: [INFO] BookmarksSnapshot Startup total=0 bar=0 other=0 mobile=0 showBar=0 showBarNTP=1
2026-09-15 05:33:38.409: [INFO] RecordSyncInitDuration has_sync_been_enabled: 0 state: 3
2026-09-15 05:33:38.412: [INFO] RecordSyncInitDuration has_sync_been_enabled: 0 state: 3
2026-09-15 05:33:38.415: [INFO] RecordSyncInitDuration has_sync_been_enabled: 0 state: 5
2026-09-15 05:33:38.418: [INFO] RecordSyncInitDuration has_sync_been_enabled: 0 state: 5
2026-09-15 05:33:38.424: [INFO] RecordSyncInitDuration has_sync_been_enabled: 0 state: 5
2026-09-15 05:33:38.440: [INFO] RecordSyncInitDuration has_sync_been_enabled: 0 state: 6
2026-09-15 05:33:38.443: [INFO] RecordSyncInitDuration has_sync_been_enabled: 0 state: 6
2026-09-15 05:33:38.653: [INFO] RecordSyncInitDuration has_sync_been_enabled: 0 state: 6
2026-09-15 05:33:38.663: [INFO] RecordSyncInitDuration has_sync_been_enabled: 0 state: 6
2026-09-15 05:56:45.582: [INFO] CurrentProfilePath: C:\Users\ELCOT\Documents\food donation ai\scratch\edge_profile\Default
2026-09-15 05:56:45.582: [INFO] Profiles total count: 1
2026-09-15 05:56:45.583: [INFO] Profile: name=Profile 1 path=C:\Users\ELCOT\Documents\food donation ai\scratch\edge_profile\Default lastActive=2026-09-15T05:33:28.492Z
2026-09-15 05:56:45.583: [INFO] LastUsedProfileDir: C:\Users\ELCOT\Documents\food donation ai\scratch\edge_profile\Default
2026-09-15 05:56:45.583: [INFO] MostRecentlyActiveProfile: name=Profile 1 path=C:\Users\ELCOT\Documents\food donation ai\scratch\edge_profile\Default lastActive=2026-09-15T05:33:28.492Z
2026-09-15 05:56:45.583: [INFO] VisibilityChanged: 0
2026-09-15 05:56:45.650: [INFO] OnDoneLoading sync enabled: 0
2026-09-15 05:56:45.650: [INFO] BookmarkModelLoaded, ids_reassigned: 0
2026-09-15 05:56:45.650: [INFO] BookmarksLoadDropped droppedNodes=0
2026-09-15 05:56:45.650: [INFO] BookmarksSnapshot Startup total=0 bar=0 other=0 mobile=0 showBar=0 showBarNTP=1
2026-09-15 05:56:55.534: [INFO] RecordSyncInitDuration has_sync_been_enabled: 0 state: 3
2026-09-15 05:56:55.612: [INFO] RecordSyncInitDuration has_sync_been_enabled: 0 state: 3
2026-09-15 05:56:55.616: [INFO] RecordSyncInitDuration has_sync_been_enabled: 0 state: 3
2026-09-15 05:56:55.621: [INFO] RecordSyncInitDuration has_sync_been_enabled: 0 state: 5
2026-09-15 05:56:55.625: [INFO] RecordSyncInitDuration has_sync_been_enabled: 0 state: 5
2026-09-15 05:56:55.638: [INFO] RecordSyncInitDuration has_sync_been_enabled: 0 state: 6
2026-09-15 05:56:55.645: [INFO] RecordSyncInitDuration has_sync_been_enabled: 0 state: 6
2026-09-15 05:56:56.013: [INFO] RecordSyncInitDuration has_sync_been_enabled: 0 state: 6
2026-09-15 05:56:56.037: [INFO] RecordSyncInitDuration has_sync_been_enabled: 0 state: 6
2026-09-15 05:58:21.861: [INFO] CurrentProfilePath: C:\Users\ELCOT\Documents\food donation ai\scratch\edge_profile\Default
2026-09-15 05:58:21.861: [INFO] Profiles total count: 1
2026-09-15 05:58:21.862: [INFO] Profile: name=Profile 1 path=C:\Users\ELCOT\Documents\food donation ai\scratch\edge_profile\Default lastActive=2026-09-15T05:56:45.616Z
2026-09-15 05:58:21.862: [INFO] LastUsedProfileDir: C:\Users\ELCOT\Documents\food donation ai\scratch\edge_profile\Default
2026-09-15 05:58:21.862: [INFO] MostRecentlyActiveProfile: name=Profile 1 path=C:\Users\ELCOT\Documents\food donation ai\scratch\edge_profile\Default lastActive=2026-09-15T05:56:45.616Z
2026-09-15 05:58:21.862: [INFO] VisibilityChanged: 0
2026-09-15 05:58:21.940: [INFO] OnDoneLoading sync enabled: 0
2026-09-15 05:58:21.940: [INFO] BookmarkModelLoaded, ids_reassigned: 0
2026-09-15 05:58:21.940: [INFO] BookmarksLoadDropped droppedNodes=0
2026-09-15 05:58:21.941: [INFO] BookmarksSnapshot Startup total=0 bar=0 other=0 mobile=0 showBar=0 showBarNTP=1
2026-09-15 05:58:31.816: [INFO] RecordSyncInitDuration has_sync_been_enabled: 0 state: 3
2026-09-15 05:58:31.820: [INFO] RecordSyncInitDuration has_sync_been_enabled: 0 state: 3
2026-09-15 05:58:31.824: [INFO] RecordSyncInitDuration has_sync_been_enabled: 0 state: 5
2026-09-15 05:58:31.829: [INFO] RecordSyncInitDuration has_sync_been_enabled: 0 state: 5
2026-09-15 05:58:31.834: [INFO] RecordSyncInitDuration has_sync_been_enabled: 0 state: 5
2026-09-15 05:58:31.846: [INFO] RecordSyncInitDuration has_sync_been_enabled: 0 state: 6
2026-09-15 05:58:31.853: [INFO] RecordSyncInitDuration has_sync_been_enabled: 0 state: 6
2026-09-15 05:58:32.070: [INFO] RecordSyncInitDuration has_sync_been_enabled: 0 state: 6
2026-09-15 05:58:32.084: [INFO] RecordSyncInitDuration has_sync_been_enabled: 0 state: 6
2026-09-15 05:59:59.800: [INFO] CurrentProfilePath: C:\Users\ELCOT\Documents\food donation ai\scratch\edge_profile\Default
2026-09-15 05:59:59.800: [INFO] Profiles total count: 1
2026-09-15 05:59:59.800: [INFO] Profile: name=Profile 1 path=C:\Users\ELCOT\Documents\food donation ai\scratch\edge_profile\Default lastActive=2026-09-15T05:58:21.893Z
2026-09-15 05:59:59.800: [INFO] LastUsedProfileDir: C:\Users\ELCOT\Documents\food donation ai\scratch\edge_profile\Default
2026-09-15 05:59:59.800: [INFO] MostRecentlyActiveProfile: name=Profile 1 path=C:\Users\ELCOT\Documents\food donation ai\scratch\edge_profile\Default lastActive=2026-09-15T05:58:21.893Z
2026-09-15 05:59:59.800: [INFO] VisibilityChanged: 0
2026-09-15 05:59:59.879: [INFO] OnDoneLoading sync enabled: 0
2026-09-15 05:59:59.879: [INFO] BookmarkModelLoaded, ids_reassigned: 0
2026-09-15 05:59:59.879: [INFO] BookmarksLoadDropped droppedNodes=0
2026-09-15 05:59:59.879: [INFO] BookmarksSnapshot Startup total=0 bar=0 other=0 mobile=0 showBar=0 showBarNTP=1
2026-09-15 06:00:09.762: [INFO] RecordSyncInitDuration has_sync_been_enabled: 0 state: 3
2026-09-15 06:00:09.766: [INFO] RecordSyncInitDuration has_sync_been_enabled: 0 state: 3
2026-09-15 06:00:09.769: [INFO] RecordSyncInitDuration has_sync_been_enabled: 0 state: 5
2026-09-15 06:00:09.772: [INFO] RecordSyncInitDuration has_sync_been_enabled: 0 state: 5
2026-09-15 06:00:09.776: [INFO] RecordSyncInitDuration has_sync_been_enabled: 0 state: 5
2026-09-15 06:00:09.783: [INFO] RecordSyncInitDuration has_sync_been_enabled: 0 state: 6
2026-09-15 06:00:09.786: [INFO] RecordSyncInitDuration has_sync_been_enabled: 0 state: 6
2026-09-15 06:00:10.019: [INFO] RecordSyncInitDuration has_sync_been_enabled: 0 state: 6
2026-09-15 06:00:10.107: [INFO] RecordSyncInitDuration has_sync_been_enabled: 0 state: 6
2026-09-15 06:01:23.632: [INFO] CurrentProfilePath: C:\Users\ELCOT\Documents\food donation ai\scratch\edge_profile\Default
2026-09-15 06:01:23.633: [INFO] Profiles total count: 1
2026-09-15 06:01:23.633: [INFO] Profile: name=Profile 1 path=C:\Users\ELCOT\Documents\food donation ai\scratch\edge_profile\Default lastActive=2026-09-15T05:59:59.836Z
2026-09-15 06:01:23.633: [INFO] LastUsedProfileDir: C:\Users\ELCOT\Documents\food donation ai\scratch\edge_profile\Default
2026-09-15 06:01:23.633: [INFO] MostRecentlyActiveProfile: name=Profile 1 path=C:\Users\ELCOT\Documents\food donation ai\scratch\edge_profile\Default lastActive=2026-09-15T05:59:59.836Z
2026-09-15 06:01:23.633: [INFO] VisibilityChanged: 0
2026-09-15 06:01:23.711: [INFO] OnDoneLoading sync enabled: 0
2026-09-15 06:01:23.711: [INFO] BookmarkModelLoaded, ids_reassigned: 0
2026-09-15 06:01:23.711: [INFO] BookmarksLoadDropped droppedNodes=0
2026-09-15 06:01:23.711: [INFO] BookmarksSnapshot Startup total=0 bar=0 other=0 mobile=0 showBar=0 showBarNTP=1
2026-09-15 06:01:33.577: [INFO] RecordSyncInitDuration has_sync_been_enabled: 0 state: 3
2026-09-15 06:01:33.580: [INFO] RecordSyncInitDuration has_sync_been_enabled: 0 state: 3
2026-09-15 06:01:33.587: [INFO] RecordSyncInitDuration has_sync_been_enabled: 0 state: 5
2026-09-15 06:01:33.591: [INFO] RecordSyncInitDuration has_sync_been_enabled: 0 state: 5
2026-09-15 06:01:33.595: [INFO] RecordSyncInitDuration has_sync_been_enabled: 0 state: 5
2026-09-15 06:01:33.611: [INFO] RecordSyncInitDuration has_sync_been_enabled: 0 state: 6
2026-09-15 06:01:33.614: [INFO] RecordSyncInitDuration has_sync_been_enabled: 0 state: 6
2026-09-15 06:01:33.944: [INFO] RecordSyncInitDuration has_sync_been_enabled: 0 state: 6
2026-09-15 06:01:33.957: [INFO] RecordSyncInitDuration has_sync_been_enabled: 0 state: 6
2026-09-15 06:02:44.173: [INFO] CurrentProfilePath: C:\Users\ELCOT\Documents\food donation ai\scratch\edge_profile\Default
2026-09-15 06:02:44.173: [INFO] Profiles total count: 1
2026-09-15 06:02:44.174: [INFO] Profile: name=Profile 1 path=C:\Users\ELCOT\Documents\food donation ai\scratch\edge_profile\Default lastActive=2026-09-15T06:01:23.672Z
2026-09-15 06:02:44.174: [INFO] LastUsedProfileDir: C:\Users\ELCOT\Documents\food donation ai\scratch\edge_profile\Default
2026-09-15 06:02:44.174: [INFO] MostRecentlyActiveProfile: name=Profile 1 path=C:\Users\ELCOT\Documents\food donation ai\scratch\edge_profile\Default lastActive=2026-09-15T06:01:23.672Z
2026-09-15 06:02:44.174: [INFO] VisibilityChanged: 0
2026-09-15 06:02:44.255: [INFO] OnDoneLoading sync enabled: 0
2026-09-15 06:02:44.255: [INFO] BookmarkModelLoaded, ids_reassigned: 0
2026-09-15 06:02:44.255: [INFO] BookmarksLoadDropped droppedNodes=0
2026-09-15 06:02:44.255: [INFO] BookmarksSnapshot Startup total=0 bar=0 other=0 mobile=0 showBar=0 showBarNTP=1
2026-09-15 06:03:52.183: [INFO] CurrentProfilePath: C:\Users\ELCOT\Documents\food donation ai\scratch\edge_profile\Default
2026-09-15 06:03:52.183: [INFO] Profiles total count: 1
2026-09-15 06:03:52.183: [INFO] Profile: name=Profile 1 path=C:\Users\ELCOT\Documents\food donation ai\scratch\edge_profile\Default lastActive=2026-09-15T06:01:23.672Z
2026-09-15 06:03:52.183: [INFO] LastUsedProfileDir: C:\Users\ELCOT\Documents\food donation ai\scratch\edge_profile\Default
2026-09-15 06:03:52.183: [INFO] MostRecentlyActiveProfile: name=Profile 1 path=C:\Users\ELCOT\Documents\food donation ai\scratch\edge_profile\Default lastActive=2026-09-15T06:01:23.672Z
2026-09-15 06:03:52.183: [INFO] VisibilityChanged: 0
2026-09-15 06:03:52.273: [INFO] OnDoneLoading sync enabled: 0
2026-09-15 06:03:52.273: [INFO] BookmarkModelLoaded, ids_reassigned: 0
2026-09-15 06:03:52.273: [INFO] BookmarksLoadDropped droppedNodes=0
2026-09-15 06:03:52.273: [INFO] BookmarksSnapshot Startup total=0 bar=0 other=0 mobile=0 showBar=0 showBarNTP=1
2026-09-15 06:04:02.118: [INFO] RecordSyncInitDuration has_sync_been_enabled: 0 state: 3
2026-09-15 06:04:02.122: [INFO] RecordSyncInitDuration has_sync_been_enabled: 0 state: 3
2026-09-15 06:04:02.125: [INFO] RecordSyncInitDuration has_sync_been_enabled: 0 state: 5
2026-09-15 06:04:02.129: [INFO] RecordSyncInitDuration has_sync_been_enabled: 0 state: 5
2026-09-15 06:04:02.134: [INFO] RecordSyncInitDuration has_sync_been_enabled: 0 state: 5
2026-09-15 06:04:02.145: [INFO] RecordSyncInitDuration has_sync_been_enabled: 0 state: 6
2026-09-15 06:04:02.152: [INFO] RecordSyncInitDuration has_sync_been_enabled: 0 state: 6
2026-09-15 06:04:02.643: [INFO] RecordSyncInitDuration has_sync_been_enabled: 0 state: 6
2026-09-15 06:04:02.657: [INFO] RecordSyncInitDuration has_sync_been_enabled: 0 state: 6
