{"logTime": "0915/052946", "correlationVector":"kSc+SBzHfoQcJZnDpnTUgO.1","action":"SyncServerConnectionManagerRequest", "result":"SYNC_SERVER_OK", "context":{"environment":"Prod_southindia_prod-s01-004-apac-southindia", "migrationStage":"NotStarted", "server":"akswtt1070000bm"}}
{"logTime": "0915/052946", "correlationVector":"kSc+SBzHfoQcJZnDpnTUgO.2","action":"ProcessGetUpdates", "result":"Done", "context":{"dataType":"Encryption Keys", "deleted":"0", "process_failed_to_decrypt":"0", "process_pending_decryption":"0", "process_success":"1", "total":"1"}}
{"logTime": "0915/052947", "correlationVector":"20sJ5eS28eWVrX79MZ5AK3","action":"SyncServerConnectionManagerRequest", "result":"SYNC_SERVER_OK", "context":{"environment":"", "migrationStage":"", "server":""}}
{"logTime": "0915/052947", "correlationVector":"20sJ5eS28eWVrX79MZ5AK3.0","action":"EncryptionKeysFetcher.DownloadKeys:", "result":"Success", "context":Key count: 1, Last key timestamp: 2026-07-27T10:47:13Z}
{"logTime": "0915/052947", "correlationVector":"20sJ5eS28eWVrX79MZ5AK3.1","action":"EncryptionKeysManager::SetEncryptionKeys:", "result":"Success", "context":Key names[1]:[NkentixS8s6z1UPq/KaWfi44KMCuXfjin0didEXQRugZmXtOxyD3PJAdw0o3342TNx+l76iZs/FG6E8d9Ts5vQ==]}
{"logTime": "0915/052947", "correlationVector":"20sJ5eS28eWVrX79MZ5AK3.2","action":"EncryptionKeysManager::SetEncryptionKeysWithTimestamps:", "result":"Success", "context":Key timestamps[1]:[2026-07-27T10:47:13Z]}
{"logTime": "0915/052947", "correlationVector":"kSc+SBzHfoQcJZnDpnTUgO","action":"Initial GetUpdates", "result":"", "context":Reason: NEW_CLIENT. cV=kSc+SBzHfoQcJZnDpnTUgO}
{"logTime": "0915/052947", "correlationVector":"kSc+SBzHfoQcJZnDpnTUgO.3","action":"GetUpdates Response", "result":"Success", "context":Received 1 update(s). cV=kSc+SBzHfoQcJZnDpnTUgO.0;server=akswtt1070000bm;cloudType=Consumer;environment=Prod_southindia_prod-s01-004-apac-southindia;migrationStage=NotStarted}
{"logTime": "0915/052947", "correlationVector":"X6GoHMmNL6gl/XRxXA/CNR","action":"Initial GetUpdates", "result":"", "context":Reason: NEWLY_SUPPORTED_DATATYPE. cV=X6GoHMmNL6gl/XRxXA/CNR}
{"logTime": "0915/052948", "correlationVector":"X6GoHMmNL6gl/XRxXA/CNR.1","action":"SyncServerConnectionManagerRequest", "result":"SYNC_SERVER_OK", "context":{"environment":"Prod_southeastasia_prod-s01-065-apac-southeastasia", "migrationStage":"NotStarted", "server":"akswtt003000001"}}
{"logTime": "0915/052948", "correlationVector":"X6GoHMmNL6gl/XRxXA/CNR.2","action":"ProcessGetUpdates", "result":"Done", "context":{"dataType":"Device Info", "deleted":"0", "process_failed_to_decrypt":"0", "process_pending_decryption":"0", "process_success":"3", "total":"3"}}
{"logTime": "0915/052948", "correlationVector":"X6GoHMmNL6gl/XRxXA/CNR.3","action":"GetUpdates Response", "result":"Success", "context":Received 3 update(s). cV=X6GoHMmNL6gl/XRxXA/CNR.0;server=akswtt003000001;cloudType=Consumer;environment=Prod_southeastasia_prod-s01-065-apac-southeastasia;migrationStage=NotStarted}
{"logTime": "0915/052948", "correlationVector":"cY3tqHBEsbIeRTXlB9ki37","action":"Initial GetUpdates", "result":"", "context":Reason: NEWLY_SUPPORTED_DATATYPE. cV=cY3tqHBEsbIeRTXlB9ki37}
{"logTime": "0915/052948", "correlationVector":"cY3tqHBEsbIeRTXlB9ki37.1","action":"SyncServerConnectionManagerRequest", "result":"SYNC_SERVER_OK", "context":{"environment":"Prod_southindia_prod-s01-004-apac-southindia", "migrationStage":"NotStarted", "server":"akswtt10700004u"}}
{"logTime": "0915/052948", "correlationVector":"cY3tqHBEsbIeRTXlB9ki37.2","action":"GetUpdates Response", "result":"Success", "context":Received 0 update(s). cV=cY3tqHBEsbIeRTXlB9ki37.0;server=akswtt10700004u;cloudType=Consumer;environment=Prod_southindia_prod-s01-004-apac-southindia;migrationStage=NotStarted}
{"logTime": "0915/052948", "correlationVector":"k3+p8eeDmp/CogeNIFaDRn","action":"Normal GetUpdate request", "result":"", "context":cV=k3+p8eeDmp/CogeNIFaDRn
Nudged types: Device Info, User Consents
Refresh requested types: Extensions, Extension settings, Device Info, User Consents, Send Tab To Self, Web Apps, Encryption Keys}
{"logTime": "0915/052949", "correlationVector":"k3+p8eeDmp/CogeNIFaDRn.1","action":"SyncServerConnectionManagerRequest", "result":"SYNC_SERVER_OK", "context":{"environment":"Prod_southeastasia_prod-s01-065-apac-southeastasia", "migrationStage":"NotStarted", "server":"akswtt00300002i"}}
{"logTime": "0915/052949", "correlationVector":"k3+p8eeDmp/CogeNIFaDRn.2","action":"GetUpdates Response", "result":"Success", "context":Received 0 update(s). cV=k3+p8eeDmp/CogeNIFaDRn.0;server=akswtt00300002i;cloudType=Consumer;environment=Prod_southeastasia_prod-s01-065-apac-southeastasia;migrationStage=NotStarted}
{"logTime": "0915/052949", "correlationVector":"TTYaoPnmG8QiFRHo4ODbmQ","action":"DoCompareDataConsistency requsted types: ", "result":"Extensions, Extension settings, Send Tab To Self, Web Apps, Encryption Keys"}
{"logTime": "0915/052949", "correlationVector":"TTYaoPnmG8QiFRHo4ODbmQ.0","action":"CompareDataConsistency result: ", "result":"Compare result: Encryption Keys is consistent. local entities count is: 1 local entities hash is: CCnWnoMCHitRQtWCI6VoKpWF62Y="}
{"logTime": "0915/052949", "correlationVector":"TTYaoPnmG8QiFRHo4ODbmQ.1","action":"CompareDataConsistency result: ", "result":"Compare result: Extensions is consistent. local entities count is: 0 local entities hash is: "}
{"logTime": "0915/052949", "correlationVector":"TTYaoPnmG8QiFRHo4ODbmQ.2","action":"CompareDataConsistency result: ", "result":"Compare result: Extension settings is consistent. local entities count is: 0 local entities hash is: "}
{"logTime": "0915/052949", "correlationVector":"TTYaoPnmG8QiFRHo4ODbmQ.3","action":"CompareDataConsistency result: ", "result":"Server did not send this Send Tab To Self local entities count is: 0 local entities hash is: "}
{"logTime": "0915/052949", "correlationVector":"TTYaoPnmG8QiFRHo4ODbmQ.4","action":"CompareDataConsistency result: ", "result":"Compare result: Web Apps is consistent. local entities count is: 0 local entities hash is: "}
{"logTime": "0915/052949", "correlationVector":"brqy6xe5XjnLifmBzyE8VY","action":"Commit Request", "result":"", "context":Item count: 2
Contributing types: Device Info, User Consents}
{"logTime": "0915/052949", "correlationVector":"brqy6xe5XjnLifmBzyE8VY.1","action":"SyncServerConnectionManagerRequest", "result":"SYNC_SERVER_OK", "context":{"environment":"Prod_southeastasia_prod-s01-065-apac-southeastasia", "migrationStage":"NotStarted", "server":"akswtt00300003c"}}
{"logTime": "0915/052949", "correlationVector":"brqy6xe5XjnLifmBzyE8VY.2","action":"Commit Response", "result":"Success", "context":Result: Success. cV=brqy6xe5XjnLifmBzyE8VY.0;server=akswtt00300003c;cloudType=Consumer;environment=Prod_southeastasia_prod-s01-065-apac-southeastasia;migrationStage=NotStarted}
{"logTime": "0915/052949", "correlationVector":"","action":"DIAGNOSTIC_REQUEST|v1/diagnosticData/Diagnostic.SendCheckResult()|SUCCESS", "result":""}
{"logTime": "0915/053015", "correlationVector":"TxRoj6wnIIhdg/4H2lHn7I.1","action":"SyncServerConnectionManagerRequest", "result":"SYNC_SERVER_OK", "context":{"environment":"Prod_southindia_prod-s01-004-apac-southindia", "migrationStage":"NotStarted", "server":"akswtt107000042"}}
{"logTime": "0915/053015", "correlationVector":"TxRoj6wnIIhdg/4H2lHn7I.2","action":"ProcessGetUpdates", "result":"Done", "context":{"dataType":"Encryption Keys", "deleted":"0", "process_failed_to_decrypt":"0", "process_pending_decryption":"0", "process_success":"1", "total":"1"}}
{"logTime": "0915/053016", "correlationVector":"uzLcEFRxz6LMtft99cEolS","action":"SyncServerConnectionManagerRequest", "result":"SYNC_SERVER_OK", "context":{"environment":"", "migrationStage":"", "server":""}}
{"logTime": "0915/053016", "correlationVector":"uzLcEFRxz6LMtft99cEolS.0","action":"EncryptionKeysFetcher.DownloadKeys:", "result":"Success", "context":Key count: 1, Last key timestamp: 2026-07-27T10:47:13Z}
{"logTime": "0915/053016", "correlationVector":"uzLcEFRxz6LMtft99cEolS.1","action":"EncryptionKeysManager::SetEncryptionKeys:", "result":"Success", "context":Key names[1]:[NkentixS8s6z1UPq/KaWfi44KMCuXfjin0didEXQRugZmXtOxyD3PJAdw0o3342TNx+l76iZs/FG6E8d9Ts5vQ==]}
{"logTime": "0915/053016", "correlationVector":"uzLcEFRxz6LMtft99cEolS.2","action":"EncryptionKeysManager::SetEncryptionKeysWithTimestamps:", "result":"Success", "context":Key timestamps[1]:[2026-07-27T10:47:13Z]}
{"logTime": "0915/053016", "correlationVector":"TxRoj6wnIIhdg/4H2lHn7I","action":"Initial GetUpdates", "result":"", "context":Reason: NEW_CLIENT. cV=TxRoj6wnIIhdg/4H2lHn7I}
{"logTime": "0915/053016", "correlationVector":"TxRoj6wnIIhdg/4H2lHn7I.3","action":"GetUpdates Response", "result":"Success", "context":Received 1 update(s). cV=TxRoj6wnIIhdg/4H2lHn7I.0;server=akswtt107000042;cloudType=Consumer;environment=Prod_southindia_prod-s01-004-apac-southindia;migrationStage=NotStarted}
{"logTime": "0915/053016", "correlationVector":"05A+ibXEZ9URVLXtwQWZxl","action":"Initial GetUpdates", "result":"", "context":Reason: NEWLY_SUPPORTED_DATATYPE. cV=05A+ibXEZ9URVLXtwQWZxl}
{"logTime": "0915/053016", "correlationVector":"05A+ibXEZ9URVLXtwQWZxl.1","action":"SyncServerConnectionManagerRequest", "result":"SYNC_SERVER_OK", "context":{"environment":"Prod_southeastasia_prod-s01-064-apac-southeastasia", "migrationStage":"NotStarted", "server":"akswtt00300002m"}}
{"logTime": "0915/053016", "correlationVector":"05A+ibXEZ9URVLXtwQWZxl.2","action":"ProcessGetUpdates", "result":"Done", "context":{"dataType":"Device Info", "deleted":"0", "process_failed_to_decrypt":"0", "process_pending_decryption":"0", "process_success":"4", "total":"4"}}
{"logTime": "0915/053016", "correlationVector":"05A+ibXEZ9URVLXtwQWZxl.3","action":"GetUpdates Response", "result":"Success", "context":Received 4 update(s). cV=05A+ibXEZ9URVLXtwQWZxl.0;server=akswtt00300002m;cloudType=Consumer;environment=Prod_southeastasia_prod-s01-064-apac-southeastasia;migrationStage=NotStarted}
{"logTime": "0915/053016", "correlationVector":"hHN8DR2YUDj5/Deo46DuPW","action":"Initial GetUpdates", "result":"", "context":Reason: NEWLY_SUPPORTED_DATATYPE. cV=hHN8DR2YUDj5/Deo46DuPW}
{"logTime": "0915/053017", "correlationVector":"hHN8DR2YUDj5/Deo46DuPW.1","action":"SyncServerConnectionManagerRequest", "result":"SYNC_SERVER_OK", "context":{"environment":"Prod_southindia_prod-s01-004-apac-southindia", "migrationStage":"NotStarted", "server":"akswtt10700005u"}}
{"logTime": "0915/053017", "correlationVector":"hHN8DR2YUDj5/Deo46DuPW.2","action":"GetUpdates Response", "result":"Success", "context":Received 0 update(s). cV=hHN8DR2YUDj5/Deo46DuPW.0;server=akswtt10700005u;cloudType=Consumer;environment=Prod_southindia_prod-s01-004-apac-southindia;migrationStage=NotStarted}
{"logTime": "0915/053017", "correlationVector":"ZBNok6g0+TjpMlKBlrWOrQ","action":"Normal GetUpdate request", "result":"", "context":cV=ZBNok6g0+TjpMlKBlrWOrQ
Nudged types: Device Info
Refresh requested types: Extensions, Extension settings, Device Info, User Consents, Send Tab To Self, Web Apps, Encryption Keys}
{"logTime": "0915/053017", "correlationVector":"ZBNok6g0+TjpMlKBlrWOrQ.1","action":"SyncServerConnectionManagerRequest", "result":"SYNC_SERVER_OK", "context":{"environment":"Prod_southindia_prod-s01-004-apac-southindia", "migrationStage":"NotStarted", "server":"akswtt107000067"}}
{"logTime": "0915/053017", "correlationVector":"ZBNok6g0+TjpMlKBlrWOrQ.2","action":"GetUpdates Response", "result":"Success", "context":Received 0 update(s). cV=ZBNok6g0+TjpMlKBlrWOrQ.0;server=akswtt107000067;cloudType=Consumer;environment=Prod_southindia_prod-s01-004-apac-southindia;migrationStage=NotStarted}
{"logTime": "0915/053017", "correlationVector":"Bb/eZYWKqHQJ0r0GKTVTS2","action":"DoCompareDataConsistency requsted types: ", "result":"Extensions, Extension settings, Send Tab To Self, Web Apps, Encryption Keys"}
{"logTime": "0915/053017", "correlationVector":"Bb/eZYWKqHQJ0r0GKTVTS2.0","action":"CompareDataConsistency result: ", "result":"Compare result: Encryption Keys is consistent. local entities count is: 1 local entities hash is: CCnWnoMCHitRQtWCI6VoKpWF62Y="}
{"logTime": "0915/053017", "correlationVector":"Bb/eZYWKqHQJ0r0GKTVTS2.1","action":"CompareDataConsistency result: ", "result":"Compare result: Extensions is consistent. local entities count is: 0 local entities hash is: "}
{"logTime": "0915/053017", "correlationVector":"Bb/eZYWKqHQJ0r0GKTVTS2.2","action":"CompareDataConsistency result: ", "result":"Compare result: Extension settings is consistent. local entities count is: 0 local entities hash is: "}
{"logTime": "0915/053017", "correlationVector":"Bb/eZYWKqHQJ0r0GKTVTS2.3","action":"CompareDataConsistency result: ", "result":"Server did not send this Send Tab To Self local entities count is: 0 local entities hash is: "}
{"logTime": "0915/053017", "correlationVector":"Bb/eZYWKqHQJ0r0GKTVTS2.4","action":"CompareDataConsistency result: ", "result":"Compare result: Web Apps is consistent. local entities count is: 0 local entities hash is: "}
{"logTime": "0915/053017", "correlationVector":"1xr4Xlibhc8KFlJu/aOEcT","action":"Commit Request", "result":"", "context":Item count: 1
Contributing types: Device Info}
{"logTime": "0915/053018", "correlationVector":"1xr4Xlibhc8KFlJu/aOEcT.1","action":"SyncServerConnectionManagerRequest", "result":"SYNC_SERVER_OK", "context":{"environment":"Prod_southindia_prod-s01-004-apac-southindia", "migrationStage":"NotStarted", "server":"akswtt107000064"}}
{"logTime": "0915/053018", "correlationVector":"1xr4Xlibhc8KFlJu/aOEcT.2","action":"Commit Response", "result":"Success", "context":Result: Success. cV=1xr4Xlibhc8KFlJu/aOEcT.0;server=akswtt107000064;cloudType=Consumer;environment=Prod_southindia_prod-s01-004-apac-southindia;migrationStage=NotStarted}
{"logTime": "0915/053018", "correlationVector":"","action":"DIAGNOSTIC_REQUEST|v1/diagnosticData/Diagnostic.SendCheckResult()|SUCCESS", "result":""}
{"logTime": "0915/053256", "correlationVector":"5yuT/tHV5na5CPOoPFMooq","action":"Normal GetUpdate request", "result":"", "context":cV=5yuT/tHV5na5CPOoPFMooq
Refresh requested types: Extensions, Extension settings, Device Info, User Consents, Send Tab To Self, Web Apps, Encryption Keys}
{"logTime": "0915/053256", "correlationVector":"5yuT/tHV5na5CPOoPFMooq.1","action":"SyncServerConnectionManagerRequest", "result":"SYNC_SERVER_OK", "context":{"environment":"Prod_southeastasia_prod-s01-065-apac-southeastasia", "migrationStage":"NotStarted", "server":"akswtt003000001"}}
{"logTime": "0915/053256", "correlationVector":"5yuT/tHV5na5CPOoPFMooq.2","action":"ProcessGetUpdates", "result":"Done", "context":{"dataType":"Device Info", "deleted":"0", "process_failed_to_decrypt":"0", "process_pending_decryption":"0", "process_success":"1", "total":"1"}}
{"logTime": "0915/053256", "correlationVector":"5yuT/tHV5na5CPOoPFMooq.3","action":"GetUpdates Response", "result":"Success", "context":Received 1 update(s). cV=5yuT/tHV5na5CPOoPFMooq.0;server=akswtt003000001;cloudType=Consumer;environment=Prod_southeastasia_prod-s01-065-apac-southeastasia;migrationStage=NotStarted}
{"logTime": "0915/053256", "correlationVector":"wgDBgFyAVQUFbznxJXxaye","action":"DoCompareDataConsistency requsted types: ", "result":"Extensions, Extension settings, Send Tab To Self, Web Apps, Encryption Keys"}
{"logTime": "0915/053256", "correlationVector":"wgDBgFyAVQUFbznxJXxaye.0","action":"CompareDataConsistency result: ", "result":"Compare result: Encryption Keys is consistent. local entities count is: 1 local entities hash is: CCnWnoMCHitRQtWCI6VoKpWF62Y="}
{"logTime": "0915/053256", "correlationVector":"wgDBgFyAVQUFbznxJXxaye.1","action":"CompareDataConsistency result: ", "result":"Compare result: Extensions is consistent. local entities count is: 0 local entities hash is: "}
{"logTime": "0915/053256", "correlationVector":"wgDBgFyAVQUFbznxJXxaye.2","action":"CompareDataConsistency result: ", "result":"Compare result: Extension settings is consistent. local entities count is: 0 local entities hash is: "}
{"logTime": "0915/053256", "correlationVector":"wgDBgFyAVQUFbznxJXxaye.3","action":"CompareDataConsistency result: ", "result":"Server did not send this Send Tab To Self local entities count is: 0 local entities hash is: "}
{"logTime": "0915/053256", "correlationVector":"wgDBgFyAVQUFbznxJXxaye.4","action":"CompareDataConsistency result: ", "result":"Compare result: Web Apps is consistent. local entities count is: 0 local entities hash is: "}
{"logTime": "0915/053256", "correlationVector":"","action":"DIAGNOSTIC_REQUEST|v1/diagnosticData/Diagnostic.SendCheckResult()|SUCCESS", "result":""}
{"logTime": "0915/053338", "correlationVector":"/ajOLzjkr/kcaYxsxiD+A1","action":"Normal GetUpdate request", "result":"", "context":cV=/ajOLzjkr/kcaYxsxiD+A1
Refresh requested types: Extensions, Extension settings, Device Info, User Consents, Send Tab To Self, Web Apps, Encryption Keys}
{"logTime": "0915/053338", "correlationVector":"/ajOLzjkr/kcaYxsxiD+A1.1","action":"SyncServerConnectionManagerRequest", "result":"SYNC_SERVER_OK", "context":{"environment":"Prod_southeastasia_prod-s01-064-apac-southeastasia", "migrationStage":"NotStarted", "server":"akswtt00300003k"}}
{"logTime": "0915/053338", "correlationVector":"/ajOLzjkr/kcaYxsxiD+A1.2","action":"GetUpdates Response", "result":"Success", "context":Received 0 update(s). cV=/ajOLzjkr/kcaYxsxiD+A1.0;server=akswtt00300003k;cloudType=Consumer;environment=Prod_southeastasia_prod-s01-064-apac-southeastasia;migrationStage=NotStarted}
{"logTime": "0915/055655", "correlationVector":"/WR3W+3HQiXSLKC5m9wH54","action":"Normal GetUpdate request", "result":"", "context":cV=/WR3W+3HQiXSLKC5m9wH54
Refresh requested types: Extensions, Extension settings, Device Info, User Consents, Send Tab To Self, Web Apps, Encryption Keys}
{"logTime": "0915/055656", "correlationVector":"/WR3W+3HQiXSLKC5m9wH54.1","action":"SyncServerConnectionManagerRequest", "result":"SYNC_SERVER_OK", "context":{"environment":"Prod_southindia_prod-s01-004-apac-southindia", "migrationStage":"NotStarted", "server":"akswtt10700005u"}}
{"logTime": "0915/055656", "correlationVector":"/WR3W+3HQiXSLKC5m9wH54.2","action":"GetUpdates Response", "result":"Success", "context":Received 0 update(s). cV=/WR3W+3HQiXSLKC5m9wH54.0;server=akswtt10700005u;cloudType=Consumer;environment=Prod_southindia_prod-s01-004-apac-southindia;migrationStage=NotStarted}
{"logTime": "0915/055831", "correlationVector":"R8FpN6b9aE+/Z+c//Z0aO8","action":"Normal GetUpdate request", "result":"", "context":cV=R8FpN6b9aE+/Z+c//Z0aO8
Refresh requested types: Extensions, Extension settings, Device Info, User Consents, Send Tab To Self, Web Apps, Encryption Keys}
{"logTime": "0915/055832", "correlationVector":"R8FpN6b9aE+/Z+c//Z0aO8.1","action":"SyncServerConnectionManagerRequest", "result":"SYNC_SERVER_OK", "context":{"environment":"Prod_southindia_prod-s01-004-apac-southindia", "migrationStage":"NotStarted", "server":"akswtt10700005z"}}
{"logTime": "0915/055832", "correlationVector":"R8FpN6b9aE+/Z+c//Z0aO8.2","action":"GetUpdates Response", "result":"Success", "context":Received 0 update(s). cV=R8FpN6b9aE+/Z+c//Z0aO8.0;server=akswtt10700005z;cloudType=Consumer;environment=Prod_southindia_prod-s01-004-apac-southindia;migrationStage=NotStarted}
{"logTime": "0915/060009", "correlationVector":"NIsGCjANsKzjtaawem9A3Y","action":"Normal GetUpdate request", "result":"", "context":cV=NIsGCjANsKzjtaawem9A3Y
Refresh requested types: Extensions, Extension settings, Device Info, User Consents, Send Tab To Self, Web Apps, Encryption Keys}
{"logTime": "0915/060010", "correlationVector":"NIsGCjANsKzjtaawem9A3Y.1","action":"SyncServerConnectionManagerRequest", "result":"SYNC_SERVER_OK", "context":{"environment":"Prod_southindia_prod-s01-004-apac-southindia", "migrationStage":"NotStarted", "server":"akswtt10700009p"}}
{"logTime": "0915/060010", "correlationVector":"NIsGCjANsKzjtaawem9A3Y.2","action":"GetUpdates Response", "result":"Success", "context":Received 0 update(s). cV=NIsGCjANsKzjtaawem9A3Y.0;server=akswtt10700009p;cloudType=Consumer;environment=Prod_southindia_prod-s01-004-apac-southindia;migrationStage=NotStarted}
{"logTime": "0915/060133", "correlationVector":"Sy/W5Q9Q/WVbeMiPUowi8K","action":"Normal GetUpdate request", "result":"", "context":cV=Sy/W5Q9Q/WVbeMiPUowi8K
Refresh requested types: Extensions, Extension settings, Device Info, User Consents, Send Tab To Self, Web Apps, Encryption Keys}
{"logTime": "0915/060133", "correlationVector":"Sy/W5Q9Q/WVbeMiPUowi8K.1","action":"SyncServerConnectionManagerRequest", "result":"SYNC_SERVER_OK", "context":{"environment":"Prod_southeastasia_prod-s01-065-apac-southeastasia", "migrationStage":"NotStarted", "server":"akswtt00300002x"}}
{"logTime": "0915/060133", "correlationVector":"Sy/W5Q9Q/WVbeMiPUowi8K.2","action":"GetUpdates Response", "result":"Success", "context":Received 0 update(s). cV=Sy/W5Q9Q/WVbeMiPUowi8K.0;server=akswtt00300002x;cloudType=Consumer;environment=Prod_southeastasia_prod-s01-065-apac-southeastasia;migrationStage=NotStarted}
{"logTime": "0915/060402", "correlationVector":"2bMB8XNk47KCZ4OH5oFmNC","action":"Normal GetUpdate request", "result":"", "context":cV=2bMB8XNk47KCZ4OH5oFmNC
Refresh requested types: Extensions, Extension settings, Device Info, User Consents, Send Tab To Self, Web Apps, Encryption Keys}
{"logTime": "0915/060402", "correlationVector":"2bMB8XNk47KCZ4OH5oFmNC.1","action":"SyncServerConnectionManagerRequest", "result":"SYNC_SERVER_OK", "context":{"environment":"Prod_southeastasia_prod-s01-065-apac-southeastasia", "migrationStage":"NotStarted", "server":"akswtt00300003u"}}
{"logTime": "0915/060402", "correlationVector":"2bMB8XNk47KCZ4OH5oFmNC.2","action":"GetUpdates Response", "result":"Success", "context":Received 0 update(s). cV=2bMB8XNk47KCZ4OH5oFmNC.0;server=akswtt00300003u;cloudType=Consumer;environment=Prod_southeastasia_prod-s01-065-apac-southeastasia;migrationStage=NotStarted}
