2026-09-15 05:29:45.070: [INFO][Sync] SyncState after authenticated was: FeatureNotSetup
2026-09-15 05:29:45.218: [INFO][Sync] Try to start sync engine
2026-09-15 05:29:45.221: [INFO][SyncManagerImpl::NudgeForInitialDownload] Initial download nudge for Encryption Keys
2026-09-15 05:29:45.221: [INFO][SyncEngineBackend::LoadAndConnectNigoriController] Load and connect Nigori controller
2026-09-15 05:29:45.221: [INFO][SyncEngineBackend::DoInitialize] Control Types added: Encryption Keys
2026-09-15 05:29:45.221: [INFO][SyncManagerImpl::ConfigureSyncer] Types to download: Encryption Keys with reason: 3
2026-09-15 05:29:45.221: [INFO][SyncSchedulerImpl::DoConfigurationSyncCycleJob] Configure job was blocked
2026-09-15 05:29:45.440: [INFO][SyncAuthManager::SetLastAuthError] Current auth error: None
2026-09-15 05:29:45.440: [INFO][SyncAuthManager::EdgeLogTokenErrorState] Token error with: None for account type: MSA
2026-09-15 05:29:45.440: [INFO][Sync] Credentials changed for: EdgeSyncScopeNew
2026-09-15 05:29:46.721: [INFO][SyncAuthManager::SetLastAuthError] Current auth error: None
2026-09-15 05:29:46.721: [INFO][SyncAuthManager::EdgeLogTokenErrorState] Token error with: None for account type: MSA
2026-09-15 05:29:46.721: [INFO][Sync] Credentials changed for: EdgeSyncKeyDataScope
2026-09-15 05:29:46.721: [INFO][SyncEngineBackend::DoUpdateKeyDataCredentials] Update key data credentials
2026-09-15 05:29:46.721: [INFO][SyncEngineBackend::DoUpdateCredentials] Update credentials
2026-09-15 05:29:46.721: [INFO][SyncSchedulerImpl::DoConfigurationSyncCycleJob] Blocked types:  and types to download: Encryption Keys
2026-09-15 05:29:46.985: [INFO][Sync] Started DataTypeManager configuration, reason: 4
2026-09-15 05:29:46.985: [INFO][Sync] Configuring for: Extensions, Extension settings, Device Info, User Consents, Send Tab To Self, Web Apps, Encryption Keys, reason: 3, current state: 0
2026-09-15 05:29:46.985: [WARN][Sync] Crypto error data types: 
2026-09-15 05:29:46.988: [INFO][Sync] Configure, desired: Extensions, Extension settings, Device Info, User Consents, Send Tab To Self, Web Apps, Encryption Keys; Allow fail: 
2026-09-15 05:29:46.988: [INFO][Sync] Loading: Extensions
2026-09-15 05:29:46.988: [INFO][Sync] Loading: Extension settings
2026-09-15 05:29:46.989: [INFO][Sync] Loading: Device Info
2026-09-15 05:29:46.989: [INFO][Sync] Loading: User Consents
2026-09-15 05:29:46.989: [INFO][Sync] Loading: Send Tab To Self
2026-09-15 05:29:46.989: [INFO][Sync] Loading: Web Apps
2026-09-15 05:29:46.993: [INFO][Sync] All data types are ready for configure.
2026-09-15 05:29:47.740: [INFO][SyncEngineBackend::DoStartConfiguration] Start configuration
2026-09-15 05:29:47.740: [INFO][Sync] Started DataTypeManager configuration, reason: 5
2026-09-15 05:29:47.740: [INFO][Sync] Configuring for: Extensions, Extension settings, Device Info, User Consents, Send Tab To Self, Web Apps, Encryption Keys, reason: 5, current state: 1
2026-09-15 05:29:47.740: [INFO][SyncManagerImpl::NudgeForInitialDownload] Initial download nudge for Extensions
2026-09-15 05:29:47.740: [INFO][SyncManagerImpl::NudgeForInitialDownload] Initial download nudge for Extension settings
2026-09-15 05:29:47.740: [INFO][SyncManagerImpl::NudgeForInitialDownload] Initial download nudge for Device Info
2026-09-15 05:29:47.740: [INFO][SyncManagerImpl::NudgeForInitialDownload] Initial download nudge for Send Tab To Self
2026-09-15 05:29:47.740: [INFO][SyncManagerImpl::NudgeForInitialDownload] Initial download nudge for Web Apps
2026-09-15 05:29:47.740: [INFO][SyncManagerImpl::ConfigureSyncer] Types to download:  with reason: 3
2026-09-15 05:29:47.740: [INFO][SyncEngineBackend::DoFinishConfigureDataTypes] Failed to download types:  and succeeded types: 
2026-09-15 05:29:47.742: [INFO][Sync] ConfigurationDone, failed: , succeeded: , remaining count: 2
2026-09-15 05:29:47.742: [WARN][Sync]     Reconfigure requested while configuration ongoing.
2026-09-15 05:29:47.742: [INFO][Sync] Configuring for: Extensions, Extension settings, Device Info, User Consents, Send Tab To Self, Web Apps, Encryption Keys, reason: 5, current state: 2
2026-09-15 05:29:47.742: [INFO][Sync] Configure, desired: Extensions, Extension settings, Device Info, User Consents, Send Tab To Self, Web Apps, Encryption Keys; Allow fail: 
2026-09-15 05:29:47.742: [INFO][Sync] All data types are ready for configure.
2026-09-15 05:29:47.742: [INFO][SyncManagerImpl::ConfigureSyncer] Types to download:  with reason: 5
2026-09-15 05:29:47.742: [INFO][SyncEngineBackend::DoFinishConfigureDataTypes] Failed to download types:  and succeeded types: 
2026-09-15 05:29:47.746: [INFO][Sync] ConfigurationDone, failed: , succeeded: , remaining count: 2
2026-09-15 05:29:47.746: [INFO][Sync] Prepare to configure types: Device Info, Encryption Keys
2026-09-15 05:29:47.746: [INFO][SyncManagerImpl::ConfigureSyncer] Types to download: Device Info, Encryption Keys with reason: 5
2026-09-15 05:29:47.746: [INFO][SyncSchedulerImpl::DoConfigurationSyncCycleJob] Blocked types:  and types to download: Device Info, Encryption Keys
2026-09-15 05:29:48.207: [INFO][SyncEngineBackend::DoFinishConfigureDataTypes] Failed to download types:  and succeeded types: Device Info, Encryption Keys
2026-09-15 05:29:48.209: [INFO][Sync] ConfigurationDone, failed: , succeeded: Device Info, Encryption Keys, remaining count: 1
2026-09-15 05:29:48.209: [INFO][Sync] Prepare to configure types: Extensions, Extension settings, Send Tab To Self, Web Apps, Encryption Keys
2026-09-15 05:29:48.209: [INFO][SyncManagerImpl::ConfigureSyncer] Types to download: Extensions, Extension settings, Send Tab To Self, Web Apps, Encryption Keys with reason: 5
2026-09-15 05:29:48.210: [INFO][SyncSchedulerImpl::DoConfigurationSyncCycleJob] Blocked types:  and types to download: Extensions, Extension settings, Send Tab To Self, Web Apps, Encryption Keys
2026-09-15 05:29:48.712: [INFO][SyncEngineBackend::DoFinishConfigureDataTypes] Failed to download types:  and succeeded types: Extensions, Extension settings, Send Tab To Self, Web Apps, Encryption Keys
2026-09-15 05:29:48.717: [INFO][Sync] ConfigurationDone, failed: , succeeded: Extensions, Extension settings, Send Tab To Self, Web Apps, Encryption Keys, remaining count: 0
2026-09-15 05:29:48.717: [INFO][Sync]     Configuration completed, state: 7
2026-09-15 05:29:48.718: [INFO][Sync] Configured DataTypeManager: Ok
2026-09-15 05:29:48.722: [INFO][SyncEngineBackend::DoStartSyncing] Start syncing
2026-09-15 05:30:14.252: [INFO][Sync] SyncState after authenticated was: FeatureNotSetup
2026-09-15 05:30:14.381: [INFO][Sync] Try to start sync engine
2026-09-15 05:30:14.383: [INFO][SyncManagerImpl::NudgeForInitialDownload] Initial download nudge for Encryption Keys
2026-09-15 05:30:14.383: [INFO][SyncEngineBackend::LoadAndConnectNigoriController] Load and connect Nigori controller
2026-09-15 05:30:14.383: [INFO][SyncEngineBackend::DoInitialize] Control Types added: Encryption Keys
2026-09-15 05:30:14.383: [INFO][SyncManagerImpl::ConfigureSyncer] Types to download: Encryption Keys with reason: 3
2026-09-15 05:30:14.383: [INFO][SyncSchedulerImpl::DoConfigurationSyncCycleJob] Configure job was blocked
2026-09-15 05:30:14.586: [INFO][SyncAuthManager::SetLastAuthError] Current auth error: None
2026-09-15 05:30:14.587: [INFO][SyncAuthManager::EdgeLogTokenErrorState] Token error with: None for account type: MSA
2026-09-15 05:30:14.587: [INFO][Sync] Credentials changed for: EdgeSyncScopeNew
2026-09-15 05:30:15.654: [INFO][SyncAuthManager::SetLastAuthError] Current auth error: None
2026-09-15 05:30:15.654: [INFO][SyncAuthManager::EdgeLogTokenErrorState] Token error with: None for account type: MSA
2026-09-15 05:30:15.654: [INFO][Sync] Credentials changed for: EdgeSyncKeyDataScope
2026-09-15 05:30:15.654: [INFO][SyncEngineBackend::DoUpdateKeyDataCredentials] Update key data credentials
2026-09-15 05:30:15.654: [INFO][SyncEngineBackend::DoUpdateCredentials] Update credentials
2026-09-15 05:30:15.654: [INFO][SyncSchedulerImpl::DoConfigurationSyncCycleJob] Blocked types:  and types to download: Encryption Keys
2026-09-15 05:30:15.872: [INFO][Sync] Started DataTypeManager configuration, reason: 4
2026-09-15 05:30:15.872: [INFO][Sync] Configuring for: Extensions, Extension settings, Device Info, User Consents, Send Tab To Self, Web Apps, Encryption Keys, reason: 3, current state: 0
2026-09-15 05:30:15.872: [WARN][Sync] Crypto error data types: 
2026-09-15 05:30:15.875: [INFO][Sync] Configure, desired: Extensions, Extension settings, Device Info, User Consents, Send Tab To Self, Web Apps, Encryption Keys; Allow fail: 
2026-09-15 05:30:15.875: [INFO][Sync] Loading: Extensions
2026-09-15 05:30:15.875: [INFO][Sync] Loading: Extension settings
2026-09-15 05:30:15.875: [INFO][Sync] Loading: Device Info
2026-09-15 05:30:15.875: [INFO][Sync] Loading: User Consents
2026-09-15 05:30:15.875: [INFO][Sync] Loading: Send Tab To Self
2026-09-15 05:30:15.875: [INFO][Sync] Loading: Web Apps
2026-09-15 05:30:15.903: [INFO][Sync] All data types are ready for configure.
2026-09-15 05:30:16.561: [INFO][SyncEngineBackend::DoStartConfiguration] Start configuration
2026-09-15 05:30:16.561: [INFO][Sync] Started DataTypeManager configuration, reason: 5
2026-09-15 05:30:16.561: [INFO][SyncManagerImpl::NudgeForInitialDownload] Initial download nudge for Extensions
2026-09-15 05:30:16.561: [INFO][Sync] Configuring for: Extensions, Extension settings, Device Info, User Consents, Send Tab To Self, Web Apps, Encryption Keys, reason: 5, current state: 1
2026-09-15 05:30:16.561: [INFO][SyncManagerImpl::NudgeForInitialDownload] Initial download nudge for Extension settings
2026-09-15 05:30:16.561: [INFO][SyncManagerImpl::NudgeForInitialDownload] Initial download nudge for Device Info
2026-09-15 05:30:16.561: [INFO][SyncManagerImpl::NudgeForInitialDownload] Initial download nudge for Send Tab To Self
2026-09-15 05:30:16.561: [INFO][SyncManagerImpl::NudgeForInitialDownload] Initial download nudge for Web Apps
2026-09-15 05:30:16.561: [INFO][SyncManagerImpl::ConfigureSyncer] Types to download:  with reason: 3
2026-09-15 05:30:16.561: [INFO][SyncEngineBackend::DoFinishConfigureDataTypes] Failed to download types:  and succeeded types: 
2026-09-15 05:30:16.563: [INFO][Sync] ConfigurationDone, failed: , succeeded: , remaining count: 2
2026-09-15 05:30:16.563: [WARN][Sync]     Reconfigure requested while configuration ongoing.
2026-09-15 05:30:16.563: [INFO][Sync] Configuring for: Extensions, Extension settings, Device Info, User Consents, Send Tab To Self, Web Apps, Encryption Keys, reason: 5, current state: 2
2026-09-15 05:30:16.563: [INFO][Sync] Configure, desired: Extensions, Extension settings, Device Info, User Consents, Send Tab To Self, Web Apps, Encryption Keys; Allow fail: 
2026-09-15 05:30:16.564: [INFO][Sync] All data types are ready for configure.
2026-09-15 05:30:16.564: [INFO][SyncManagerImpl::ConfigureSyncer] Types to download:  with reason: 5
2026-09-15 05:30:16.564: [INFO][SyncEngineBackend::DoFinishConfigureDataTypes] Failed to download types:  and succeeded types: 
2026-09-15 05:30:16.570: [INFO][Sync] ConfigurationDone, failed: , succeeded: , remaining count: 2
2026-09-15 05:30:16.570: [INFO][Sync] Prepare to configure types: Device Info, Encryption Keys
2026-09-15 05:30:16.571: [INFO][SyncManagerImpl::ConfigureSyncer] Types to download: Device Info, Encryption Keys with reason: 5
2026-09-15 05:30:16.571: [INFO][SyncSchedulerImpl::DoConfigurationSyncCycleJob] Blocked types:  and types to download: Device Info, Encryption Keys
2026-09-15 05:30:16.874: [INFO][SyncEngineBackend::DoFinishConfigureDataTypes] Failed to download types:  and succeeded types: Device Info, Encryption Keys
2026-09-15 05:30:16.878: [INFO][Sync] ConfigurationDone, failed: , succeeded: Device Info, Encryption Keys, remaining count: 1
2026-09-15 05:30:16.878: [INFO][Sync] Prepare to configure types: Extensions, Extension settings, Send Tab To Self, Web Apps, Encryption Keys
2026-09-15 05:30:16.878: [INFO][SyncManagerImpl::ConfigureSyncer] Types to download: Extensions, Extension settings, Send Tab To Self, Web Apps, Encryption Keys with reason: 5
2026-09-15 05:30:16.878: [INFO][SyncSchedulerImpl::DoConfigurationSyncCycleJob] Blocked types:  and types to download: Extensions, Extension settings, Send Tab To Self, Web Apps, Encryption Keys
2026-09-15 05:30:17.196: [INFO][SyncEngineBackend::DoFinishConfigureDataTypes] Failed to download types:  and succeeded types: Extensions, Extension settings, Send Tab To Self, Web Apps, Encryption Keys
2026-09-15 05:30:17.199: [INFO][Sync] ConfigurationDone, failed: , succeeded: Extensions, Extension settings, Send Tab To Self, Web Apps, Encryption Keys, remaining count: 0
2026-09-15 05:30:17.199: [INFO][Sync]     Configuration completed, state: 7
2026-09-15 05:30:17.199: [INFO][Sync] Configured DataTypeManager: Ok
2026-09-15 05:30:17.204: [INFO][SyncEngineBackend::DoStartSyncing] Start syncing
2026-09-15 05:32:46.290: [INFO][Sync] SyncState after authenticated was: FeatureNotSetup
2026-09-15 05:32:48.352: [INFO][SyncAuthManager::SetLastAuthError] Current auth error: None
2026-09-15 05:32:48.352: [INFO][SyncAuthManager::EdgeLogTokenErrorState] Token error with: None for account type: MSA
2026-09-15 05:32:48.352: [INFO][Sync] Credentials changed for: EdgeSyncKeyDataScope
2026-09-15 05:32:56.479: [INFO][Sync] Try to start sync engine
2026-09-15 05:32:56.481: [INFO][SyncEngineBackend::LoadAndConnectNigoriController] Load and connect Nigori controller
2026-09-15 05:32:56.481: [INFO][SyncEngineBackend::DoInitialize] Control Types added: 
2026-09-15 05:32:56.481: [INFO][SyncManagerImpl::ConfigureSyncer] Types to download:  with reason: 4
2026-09-15 05:32:56.481: [INFO][SyncEngineBackend::DoUpdateKeyDataCredentials] Update key data credentials
2026-09-15 05:32:56.488: [INFO][Sync] Started DataTypeManager configuration, reason: 4
2026-09-15 05:32:56.488: [INFO][Sync] Configuring for: Extensions, Extension settings, Device Info, User Consents, Send Tab To Self, Web Apps, Encryption Keys, reason: 4, current state: 0
2026-09-15 05:32:56.488: [INFO][SyncEngineBackend::DoStartConfiguration] Start configuration
2026-09-15 05:32:56.491: [INFO][Sync] Configure, desired: Extensions, Extension settings, Device Info, User Consents, Send Tab To Self, Web Apps, Encryption Keys; Allow fail: 
2026-09-15 05:32:56.491: [INFO][Sync] Loading: Extensions
2026-09-15 05:32:56.491: [INFO][Sync] Loading: Extension settings
2026-09-15 05:32:56.491: [INFO][Sync] Loading: Device Info
2026-09-15 05:32:56.491: [INFO][Sync] Loading: User Consents
2026-09-15 05:32:56.491: [INFO][Sync] Loading: Send Tab To Self
2026-09-15 05:32:56.491: [INFO][Sync] Loading: Web Apps
2026-09-15 05:32:56.495: [INFO][SyncAuthManager::SetLastAuthError] Current auth error: None
2026-09-15 05:32:56.495: [INFO][SyncAuthManager::EdgeLogTokenErrorState] Token error with: None for account type: MSA
2026-09-15 05:32:56.495: [INFO][Sync] Credentials changed for: EdgeSyncScopeNew
2026-09-15 05:32:56.495: [INFO][SyncEngineBackend::DoUpdateCredentials] Update credentials
2026-09-15 05:32:56.495: [INFO][SyncEngineBackend::DoUpdateKeyDataCredentials] Update key data credentials
2026-09-15 05:32:56.498: [INFO][Sync] All data types are ready for configure.
2026-09-15 05:32:56.498: [INFO][SyncManagerImpl::ConfigureSyncer] Types to download:  with reason: 4
2026-09-15 05:32:56.498: [INFO][SyncEngineBackend::DoFinishConfigureDataTypes] Failed to download types:  and succeeded types: 
2026-09-15 05:32:56.499: [INFO][Sync] ConfigurationDone, failed: , succeeded: , remaining count: 2
2026-09-15 05:32:56.499: [INFO][SyncManagerImpl::ConfigureSyncer] Types to download:  with reason: 4
2026-09-15 05:32:56.499: [INFO][SyncEngineBackend::DoFinishConfigureDataTypes] Failed to download types:  and succeeded types: 
2026-09-15 05:32:56.499: [INFO][Sync] ConfigurationDone, failed: , succeeded: , remaining count: 1
2026-09-15 05:32:56.499: [INFO][SyncManagerImpl::ConfigureSyncer] Types to download:  with reason: 4
2026-09-15 05:32:56.499: [INFO][SyncEngineBackend::DoFinishConfigureDataTypes] Failed to download types:  and succeeded types: 
2026-09-15 05:32:56.499: [INFO][Sync] ConfigurationDone, failed: , succeeded: , remaining count: 0
2026-09-15 05:32:56.499: [INFO][Sync]     Configuration completed, state: 3
2026-09-15 05:32:56.499: [INFO][Sync] Configured DataTypeManager: Ok
2026-09-15 05:32:56.505: [INFO][SyncEngineBackend::DoStartSyncing] Start syncing
2026-09-15 05:33:28.232: [INFO][Sync] SyncState after authenticated was: FeatureNotSetup
2026-09-15 05:33:29.569: [INFO][SyncAuthManager::SetLastAuthError] Current auth error: None
2026-09-15 05:33:29.569: [INFO][SyncAuthManager::EdgeLogTokenErrorState] Token error with: None for account type: MSA
2026-09-15 05:33:29.569: [INFO][Sync] Credentials changed for: EdgeSyncKeyDataScope
2026-09-15 05:33:38.401: [INFO][Sync] Try to start sync engine
2026-09-15 05:33:38.404: [INFO][SyncEngineBackend::LoadAndConnectNigoriController] Load and connect Nigori controller
2026-09-15 05:33:38.404: [INFO][SyncEngineBackend::DoInitialize] Control Types added: 
2026-09-15 05:33:38.404: [INFO][SyncManagerImpl::ConfigureSyncer] Types to download:  with reason: 4
2026-09-15 05:33:38.404: [INFO][SyncEngineBackend::DoUpdateKeyDataCredentials] Update key data credentials
2026-09-15 05:33:38.412: [INFO][Sync] Started DataTypeManager configuration, reason: 4
2026-09-15 05:33:38.412: [INFO][Sync] Configuring for: Extensions, Extension settings, Device Info, User Consents, Send Tab To Self, Web Apps, Encryption Keys, reason: 4, current state: 0
2026-09-15 05:33:38.413: [INFO][SyncEngineBackend::DoStartConfiguration] Start configuration
2026-09-15 05:33:38.415: [INFO][Sync] Configure, desired: Extensions, Extension settings, Device Info, User Consents, Send Tab To Self, Web Apps, Encryption Keys; Allow fail: 
2026-09-15 05:33:38.415: [INFO][Sync] Loading: Extensions
2026-09-15 05:33:38.415: [INFO][Sync] Loading: Extension settings
2026-09-15 05:33:38.416: [INFO][Sync] Loading: Device Info
2026-09-15 05:33:38.416: [INFO][Sync] Loading: User Consents
2026-09-15 05:33:38.416: [INFO][Sync] Loading: Send Tab To Self
2026-09-15 05:33:38.416: [INFO][Sync] Loading: Web Apps
2026-09-15 05:33:38.419: [INFO][SyncAuthManager::SetLastAuthError] Current auth error: None
2026-09-15 05:33:38.419: [INFO][SyncAuthManager::EdgeLogTokenErrorState] Token error with: None for account type: MSA
2026-09-15 05:33:38.419: [INFO][Sync] Credentials changed for: EdgeSyncScopeNew
2026-09-15 05:33:38.419: [INFO][SyncEngineBackend::DoUpdateCredentials] Update credentials
2026-09-15 05:33:38.419: [INFO][SyncEngineBackend::DoUpdateKeyDataCredentials] Update key data credentials
2026-09-15 05:33:38.425: [INFO][Sync] All data types are ready for configure.
2026-09-15 05:33:38.425: [INFO][SyncManagerImpl::ConfigureSyncer] Types to download:  with reason: 4
2026-09-15 05:33:38.425: [INFO][SyncEngineBackend::DoFinishConfigureDataTypes] Failed to download types:  and succeeded types: 
2026-09-15 05:33:38.426: [INFO][Sync] ConfigurationDone, failed: , succeeded: , remaining count: 2
2026-09-15 05:33:38.426: [INFO][SyncManagerImpl::ConfigureSyncer] Types to download:  with reason: 4
2026-09-15 05:33:38.426: [INFO][SyncEngineBackend::DoFinishConfigureDataTypes] Failed to download types:  and succeeded types: 
2026-09-15 05:33:38.426: [INFO][Sync] ConfigurationDone, failed: , succeeded: , remaining count: 1
2026-09-15 05:33:38.426: [INFO][SyncManagerImpl::ConfigureSyncer] Types to download:  with reason: 4
2026-09-15 05:33:38.426: [INFO][SyncEngineBackend::DoFinishConfigureDataTypes] Failed to download types:  and succeeded types: 
2026-09-15 05:33:38.432: [INFO][Sync] ConfigurationDone, failed: , succeeded: , remaining count: 0
2026-09-15 05:33:38.432: [INFO][Sync]     Configuration completed, state: 3
2026-09-15 05:33:38.432: [INFO][Sync] Configured DataTypeManager: Ok
2026-09-15 05:33:38.440: [INFO][SyncEngineBackend::DoStartSyncing] Start syncing
2026-09-15 05:56:45.319: [INFO][Sync] SyncState after authenticated was: FeatureNotSetup
2026-09-15 05:56:47.137: [INFO][SyncAuthManager::SetLastAuthError] Current auth error: None
2026-09-15 05:56:47.137: [INFO][SyncAuthManager::EdgeLogTokenErrorState] Token error with: None for account type: MSA
2026-09-15 05:56:47.138: [INFO][Sync] Credentials changed for: EdgeSyncKeyDataScope
2026-09-15 05:56:55.518: [INFO][Sync] Try to start sync engine
2026-09-15 05:56:55.530: [INFO][SyncAuthManager::SetLastAuthError] Current auth error: None
2026-09-15 05:56:55.530: [INFO][SyncAuthManager::EdgeLogTokenErrorState] Token error with: None for account type: MSA
2026-09-15 05:56:55.530: [INFO][Sync] Credentials changed for: EdgeSyncScopeNew
2026-09-15 05:56:55.608: [INFO][SyncEngineBackend::LoadAndConnectNigoriController] Load and connect Nigori controller
2026-09-15 05:56:55.608: [INFO][SyncEngineBackend::DoInitialize] Control Types added: 
2026-09-15 05:56:55.608: [INFO][SyncManagerImpl::ConfigureSyncer] Types to download:  with reason: 4
2026-09-15 05:56:55.609: [INFO][SyncEngineBackend::DoUpdateKeyDataCredentials] Update key data credentials
2026-09-15 05:56:55.609: [INFO][SyncEngineBackend::DoUpdateCredentials] Update credentials
2026-09-15 05:56:55.609: [INFO][SyncEngineBackend::DoUpdateKeyDataCredentials] Update key data credentials
2026-09-15 05:56:55.617: [INFO][Sync] Started DataTypeManager configuration, reason: 4
2026-09-15 05:56:55.617: [INFO][Sync] Configuring for: Extensions, Extension settings, Device Info, User Consents, Send Tab To Self, Web Apps, Encryption Keys, reason: 4, current state: 0
2026-09-15 05:56:55.617: [INFO][SyncEngineBackend::DoStartConfiguration] Start configuration
2026-09-15 05:56:55.621: [INFO][Sync] Configure, desired: Extensions, Extension settings, Device Info, User Consents, Send Tab To Self, Web Apps, Encryption Keys; Allow fail: 
2026-09-15 05:56:55.621: [INFO][Sync] Loading: Extensions
2026-09-15 05:56:55.621: [INFO][Sync] Loading: Extension settings
2026-09-15 05:56:55.621: [INFO][Sync] Loading: Device Info
2026-09-15 05:56:55.621: [INFO][Sync] Loading: User Consents
2026-09-15 05:56:55.621: [INFO][Sync] Loading: Send Tab To Self
2026-09-15 05:56:55.621: [INFO][Sync] Loading: Web Apps
2026-09-15 05:56:55.626: [INFO][Sync] All data types are ready for configure.
2026-09-15 05:56:55.626: [INFO][SyncManagerImpl::ConfigureSyncer] Types to download:  with reason: 4
2026-09-15 05:56:55.626: [INFO][SyncEngineBackend::DoFinishConfigureDataTypes] Failed to download types:  and succeeded types: 
2026-09-15 05:56:55.626: [INFO][Sync] ConfigurationDone, failed: , succeeded: , remaining count: 2
2026-09-15 05:56:55.626: [INFO][SyncManagerImpl::ConfigureSyncer] Types to download:  with reason: 4
2026-09-15 05:56:55.626: [INFO][SyncEngineBackend::DoFinishConfigureDataTypes] Failed to download types:  and succeeded types: 
2026-09-15 05:56:55.634: [INFO][Sync] ConfigurationDone, failed: , succeeded: , remaining count: 1
2026-09-15 05:56:55.634: [INFO][SyncManagerImpl::ConfigureSyncer] Types to download:  with reason: 4
2026-09-15 05:56:55.634: [INFO][SyncEngineBackend::DoFinishConfigureDataTypes] Failed to download types:  and succeeded types: 
2026-09-15 05:56:55.634: [INFO][Sync] ConfigurationDone, failed: , succeeded: , remaining count: 0
2026-09-15 05:56:55.634: [INFO][Sync]     Configuration completed, state: 3
2026-09-15 05:56:55.634: [INFO][Sync] Configured DataTypeManager: Ok
2026-09-15 05:56:55.639: [INFO][SyncEngineBackend::DoStartSyncing] Start syncing
2026-09-15 05:58:21.555: [INFO][Sync] SyncState after authenticated was: FeatureNotSetup
2026-09-15 05:58:23.240: [INFO][SyncAuthManager::SetLastAuthError] Current auth error: None
2026-09-15 05:58:23.240: [INFO][SyncAuthManager::EdgeLogTokenErrorState] Token error with: None for account type: MSA
2026-09-15 05:58:23.240: [INFO][Sync] Credentials changed for: EdgeSyncKeyDataScope
2026-09-15 05:58:31.804: [INFO][Sync] Try to start sync engine
2026-09-15 05:58:31.810: [INFO][SyncEngineBackend::LoadAndConnectNigoriController] Load and connect Nigori controller
2026-09-15 05:58:31.810: [INFO][SyncEngineBackend::DoInitialize] Control Types added: 
2026-09-15 05:58:31.810: [INFO][SyncManagerImpl::ConfigureSyncer] Types to download:  with reason: 4
2026-09-15 05:58:31.810: [INFO][SyncEngineBackend::DoUpdateKeyDataCredentials] Update key data credentials
2026-09-15 05:58:31.820: [INFO][Sync] Started DataTypeManager configuration, reason: 4
2026-09-15 05:58:31.821: [INFO][Sync] Configuring for: Extensions, Extension settings, Device Info, User Consents, Send Tab To Self, Web Apps, Encryption Keys, reason: 4, current state: 0
2026-09-15 05:58:31.822: [INFO][SyncEngineBackend::DoStartConfiguration] Start configuration
2026-09-15 05:58:31.824: [INFO][Sync] Configure, desired: Extensions, Extension settings, Device Info, User Consents, Send Tab To Self, Web Apps, Encryption Keys; Allow fail: 
2026-09-15 05:58:31.824: [INFO][Sync] Loading: Extensions
2026-09-15 05:58:31.824: [INFO][Sync] Loading: Extension settings
2026-09-15 05:58:31.824: [INFO][Sync] Loading: Device Info
2026-09-15 05:58:31.824: [INFO][Sync] Loading: User Consents
2026-09-15 05:58:31.824: [INFO][Sync] Loading: Send Tab To Self
2026-09-15 05:58:31.824: [INFO][Sync] Loading: Web Apps
2026-09-15 05:58:31.831: [INFO][SyncAuthManager::SetLastAuthError] Current auth error: None
2026-09-15 05:58:31.831: [INFO][SyncAuthManager::EdgeLogTokenErrorState] Token error with: None for account type: MSA
2026-09-15 05:58:31.831: [INFO][Sync] Credentials changed for: EdgeSyncScopeNew
2026-09-15 05:58:31.832: [INFO][SyncEngineBackend::DoUpdateCredentials] Update credentials
2026-09-15 05:58:31.832: [INFO][SyncEngineBackend::DoUpdateKeyDataCredentials] Update key data credentials
2026-09-15 05:58:31.835: [INFO][Sync] All data types are ready for configure.
2026-09-15 05:58:31.835: [INFO][SyncManagerImpl::ConfigureSyncer] Types to download:  with reason: 4
2026-09-15 05:58:31.835: [INFO][SyncEngineBackend::DoFinishConfigureDataTypes] Failed to download types:  and succeeded types: 
2026-09-15 05:58:31.842: [INFO][Sync] ConfigurationDone, failed: , succeeded: , remaining count: 2
2026-09-15 05:58:31.842: [INFO][SyncManagerImpl::ConfigureSyncer] Types to download:  with reason: 4
2026-09-15 05:58:31.842: [INFO][SyncEngineBackend::DoFinishConfigureDataTypes] Failed to download types:  and succeeded types: 
2026-09-15 05:58:31.842: [INFO][Sync] ConfigurationDone, failed: , succeeded: , remaining count: 1
2026-09-15 05:58:31.842: [INFO][SyncManagerImpl::ConfigureSyncer] Types to download:  with reason: 4
2026-09-15 05:58:31.842: [INFO][SyncEngineBackend::DoFinishConfigureDataTypes] Failed to download types:  and succeeded types: 
2026-09-15 05:58:31.842: [INFO][Sync] ConfigurationDone, failed: , succeeded: , remaining count: 0
2026-09-15 05:58:31.843: [INFO][Sync]     Configuration completed, state: 3
2026-09-15 05:58:31.843: [INFO][Sync] Configured DataTypeManager: Ok
2026-09-15 05:58:31.846: [INFO][SyncEngineBackend::DoStartSyncing] Start syncing
2026-09-15 05:59:59.575: [INFO][Sync] SyncState after authenticated was: FeatureNotSetup
2026-09-15 06:00:01.211: [INFO][SyncAuthManager::SetLastAuthError] Current auth error: None
2026-09-15 06:00:01.211: [INFO][SyncAuthManager::EdgeLogTokenErrorState] Token error with: None for account type: MSA
2026-09-15 06:00:01.211: [INFO][Sync] Credentials changed for: EdgeSyncKeyDataScope
2026-09-15 06:00:09.754: [INFO][Sync] Try to start sync engine
2026-09-15 06:00:09.757: [INFO][SyncEngineBackend::LoadAndConnectNigoriController] Load and connect Nigori controller
2026-09-15 06:00:09.757: [INFO][SyncEngineBackend::DoInitialize] Control Types added: 
2026-09-15 06:00:09.757: [INFO][SyncManagerImpl::ConfigureSyncer] Types to download:  with reason: 4
2026-09-15 06:00:09.757: [INFO][SyncEngineBackend::DoUpdateKeyDataCredentials] Update key data credentials
2026-09-15 06:00:09.766: [INFO][Sync] Started DataTypeManager configuration, reason: 4
2026-09-15 06:00:09.767: [INFO][Sync] Configuring for: Extensions, Extension settings, Device Info, User Consents, Send Tab To Self, Web Apps, Encryption Keys, reason: 4, current state: 0
2026-09-15 06:00:09.767: [INFO][SyncEngineBackend::DoStartConfiguration] Start configuration
2026-09-15 06:00:09.769: [INFO][Sync] Configure, desired: Extensions, Extension settings, Device Info, User Consents, Send Tab To Self, Web Apps, Encryption Keys; Allow fail: 
2026-09-15 06:00:09.769: [INFO][Sync] Loading: Extensions
2026-09-15 06:00:09.769: [INFO][Sync] Loading: Extension settings
2026-09-15 06:00:09.770: [INFO][Sync] Loading: Device Info
2026-09-15 06:00:09.770: [INFO][Sync] Loading: User Consents
2026-09-15 06:00:09.770: [INFO][Sync] Loading: Send Tab To Self
2026-09-15 06:00:09.770: [INFO][Sync] Loading: Web Apps
2026-09-15 06:00:09.773: [INFO][SyncAuthManager::SetLastAuthError] Current auth error: None
2026-09-15 06:00:09.773: [INFO][SyncAuthManager::EdgeLogTokenErrorState] Token error with: None for account type: MSA
2026-09-15 06:00:09.773: [INFO][Sync] Credentials changed for: EdgeSyncScopeNew
2026-09-15 06:00:09.773: [INFO][SyncEngineBackend::DoUpdateCredentials] Update credentials
2026-09-15 06:00:09.773: [INFO][SyncEngineBackend::DoUpdateKeyDataCredentials] Update key data credentials
2026-09-15 06:00:09.777: [INFO][Sync] All data types are ready for configure.
2026-09-15 06:00:09.777: [INFO][SyncManagerImpl::ConfigureSyncer] Types to download:  with reason: 4
2026-09-15 06:00:09.777: [INFO][SyncEngineBackend::DoFinishConfigureDataTypes] Failed to download types:  and succeeded types: 
2026-09-15 06:00:09.778: [INFO][Sync] ConfigurationDone, failed: , succeeded: , remaining count: 2
2026-09-15 06:00:09.778: [INFO][SyncManagerImpl::ConfigureSyncer] Types to download:  with reason: 4
2026-09-15 06:00:09.778: [INFO][SyncEngineBackend::DoFinishConfigureDataTypes] Failed to download types:  and succeeded types: 
2026-09-15 06:00:09.779: [INFO][Sync] ConfigurationDone, failed: , succeeded: , remaining count: 1
2026-09-15 06:00:09.779: [INFO][SyncManagerImpl::ConfigureSyncer] Types to download:  with reason: 4
2026-09-15 06:00:09.779: [INFO][SyncEngineBackend::DoFinishConfigureDataTypes] Failed to download types:  and succeeded types: 
2026-09-15 06:00:09.779: [INFO][Sync] ConfigurationDone, failed: , succeeded: , remaining count: 0
2026-09-15 06:00:09.779: [INFO][Sync]     Configuration completed, state: 3
2026-09-15 06:00:09.779: [INFO][Sync] Configured DataTypeManager: Ok
2026-09-15 06:00:09.783: [INFO][SyncEngineBackend::DoStartSyncing] Start syncing
2026-09-15 06:01:23.378: [INFO][Sync] SyncState after authenticated was: FeatureNotSetup
2026-09-15 06:01:25.053: [INFO][SyncAuthManager::SetLastAuthError] Current auth error: None
2026-09-15 06:01:25.053: [INFO][SyncAuthManager::EdgeLogTokenErrorState] Token error with: None for account type: MSA
2026-09-15 06:01:25.053: [INFO][Sync] Credentials changed for: EdgeSyncKeyDataScope
2026-09-15 06:01:33.571: [INFO][Sync] Try to start sync engine
2026-09-15 06:01:33.573: [INFO][SyncEngineBackend::LoadAndConnectNigoriController] Load and connect Nigori controller
2026-09-15 06:01:33.574: [INFO][SyncEngineBackend::DoInitialize] Control Types added: 
2026-09-15 06:01:33.574: [INFO][SyncManagerImpl::ConfigureSyncer] Types to download:  with reason: 4
2026-09-15 06:01:33.574: [INFO][SyncEngineBackend::DoUpdateKeyDataCredentials] Update key data credentials
2026-09-15 06:01:33.581: [INFO][Sync] Started DataTypeManager configuration, reason: 4
2026-09-15 06:01:33.581: [INFO][Sync] Configuring for: Extensions, Extension settings, Device Info, User Consents, Send Tab To Self, Web Apps, Encryption Keys, reason: 4, current state: 0
2026-09-15 06:01:33.581: [INFO][SyncEngineBackend::DoStartConfiguration] Start configuration
2026-09-15 06:01:33.587: [INFO][Sync] Configure, desired: Extensions, Extension settings, Device Info, User Consents, Send Tab To Self, Web Apps, Encryption Keys; Allow fail: 
2026-09-15 06:01:33.587: [INFO][Sync] Loading: Extensions
2026-09-15 06:01:33.587: [INFO][Sync] Loading: Extension settings
2026-09-15 06:01:33.588: [INFO][Sync] Loading: Device Info
2026-09-15 06:01:33.588: [INFO][Sync] Loading: User Consents
2026-09-15 06:01:33.588: [INFO][Sync] Loading: Send Tab To Self
2026-09-15 06:01:33.588: [INFO][Sync] Loading: Web Apps
2026-09-15 06:01:33.592: [INFO][SyncAuthManager::SetLastAuthError] Current auth error: None
2026-09-15 06:01:33.592: [INFO][SyncAuthManager::EdgeLogTokenErrorState] Token error with: None for account type: MSA
2026-09-15 06:01:33.592: [INFO][Sync] Credentials changed for: EdgeSyncScopeNew
2026-09-15 06:01:33.593: [INFO][SyncEngineBackend::DoUpdateCredentials] Update credentials
2026-09-15 06:01:33.593: [INFO][SyncEngineBackend::DoUpdateKeyDataCredentials] Update key data credentials
2026-09-15 06:01:33.596: [INFO][Sync] All data types are ready for configure.
2026-09-15 06:01:33.596: [INFO][SyncManagerImpl::ConfigureSyncer] Types to download:  with reason: 4
2026-09-15 06:01:33.596: [INFO][SyncEngineBackend::DoFinishConfigureDataTypes] Failed to download types:  and succeeded types: 
2026-09-15 06:01:33.606: [INFO][Sync] ConfigurationDone, failed: , succeeded: , remaining count: 2
2026-09-15 06:01:33.606: [INFO][SyncManagerImpl::ConfigureSyncer] Types to download:  with reason: 4
2026-09-15 06:01:33.606: [INFO][SyncEngineBackend::DoFinishConfigureDataTypes] Failed to download types:  and succeeded types: 
2026-09-15 06:01:33.606: [INFO][Sync] ConfigurationDone, failed: , succeeded: , remaining count: 1
2026-09-15 06:01:33.606: [INFO][SyncManagerImpl::ConfigureSyncer] Types to download:  with reason: 4
2026-09-15 06:01:33.606: [INFO][SyncEngineBackend::DoFinishConfigureDataTypes] Failed to download types:  and succeeded types: 
2026-09-15 06:01:33.606: [INFO][Sync] ConfigurationDone, failed: , succeeded: , remaining count: 0
2026-09-15 06:01:33.606: [INFO][Sync]     Configuration completed, state: 3
2026-09-15 06:01:33.606: [INFO][Sync] Configured DataTypeManager: Ok
2026-09-15 06:01:33.611: [INFO][SyncEngineBackend::DoStartSyncing] Start syncing
2026-09-15 06:02:43.869: [INFO][Sync] SyncState after authenticated was: FeatureNotSetup
2026-09-15 06:02:45.660: [INFO][SyncAuthManager::SetLastAuthError] Current auth error: None
2026-09-15 06:02:45.660: [INFO][SyncAuthManager::EdgeLogTokenErrorState] Token error with: None for account type: MSA
2026-09-15 06:02:45.660: [INFO][Sync] Credentials changed for: EdgeSyncKeyDataScope
2026-09-15 06:03:51.876: [INFO][Sync] SyncState after authenticated was: FeatureNotSetup
2026-09-15 06:03:53.628: [INFO][SyncAuthManager::SetLastAuthError] Current auth error: None
2026-09-15 06:03:53.628: [INFO][SyncAuthManager::EdgeLogTokenErrorState] Token error with: None for account type: MSA
2026-09-15 06:03:53.628: [INFO][Sync] Credentials changed for: EdgeSyncKeyDataScope
2026-09-15 06:04:02.111: [INFO][Sync] Try to start sync engine
2026-09-15 06:04:02.114: [INFO][SyncEngineBackend::LoadAndConnectNigoriController] Load and connect Nigori controller
2026-09-15 06:04:02.114: [INFO][SyncEngineBackend::DoInitialize] Control Types added: 
2026-09-15 06:04:02.115: [INFO][SyncManagerImpl::ConfigureSyncer] Types to download:  with reason: 4
2026-09-15 06:04:02.115: [INFO][SyncEngineBackend::DoUpdateKeyDataCredentials] Update key data credentials
2026-09-15 06:04:02.122: [INFO][Sync] Started DataTypeManager configuration, reason: 4
2026-09-15 06:04:02.122: [INFO][Sync] Configuring for: Extensions, Extension settings, Device Info, User Consents, Send Tab To Self, Web Apps, Encryption Keys, reason: 4, current state: 0
2026-09-15 06:04:02.122: [INFO][SyncEngineBackend::DoStartConfiguration] Start configuration
2026-09-15 06:04:02.126: [INFO][Sync] Configure, desired: Extensions, Extension settings, Device Info, User Consents, Send Tab To Self, Web Apps, Encryption Keys; Allow fail: 
2026-09-15 06:04:02.126: [INFO][Sync] Loading: Extensions
2026-09-15 06:04:02.126: [INFO][Sync] Loading: Extension settings
2026-09-15 06:04:02.126: [INFO][Sync] Loading: Device Info
2026-09-15 06:04:02.126: [INFO][Sync] Loading: User Consents
2026-09-15 06:04:02.126: [INFO][Sync] Loading: Send Tab To Self
2026-09-15 06:04:02.126: [INFO][Sync] Loading: Web Apps
2026-09-15 06:04:02.131: [INFO][SyncAuthManager::SetLastAuthError] Current auth error: None
2026-09-15 06:04:02.131: [INFO][SyncAuthManager::EdgeLogTokenErrorState] Token error with: None for account type: MSA
2026-09-15 06:04:02.131: [INFO][Sync] Credentials changed for: EdgeSyncScopeNew
2026-09-15 06:04:02.131: [INFO][SyncEngineBackend::DoUpdateCredentials] Update credentials
2026-09-15 06:04:02.131: [INFO][SyncEngineBackend::DoUpdateKeyDataCredentials] Update key data credentials
2026-09-15 06:04:02.135: [INFO][Sync] All data types are ready for configure.
2026-09-15 06:04:02.135: [INFO][SyncManagerImpl::ConfigureSyncer] Types to download:  with reason: 4
2026-09-15 06:04:02.135: [INFO][SyncEngineBackend::DoFinishConfigureDataTypes] Failed to download types:  and succeeded types: 
2026-09-15 06:04:02.141: [INFO][Sync] ConfigurationDone, failed: , succeeded: , remaining count: 2
2026-09-15 06:04:02.141: [INFO][SyncManagerImpl::ConfigureSyncer] Types to download:  with reason: 4
2026-09-15 06:04:02.141: [INFO][SyncEngineBackend::DoFinishConfigureDataTypes] Failed to download types:  and succeeded types: 
2026-09-15 06:04:02.141: [INFO][Sync] ConfigurationDone, failed: , succeeded: , remaining count: 1
2026-09-15 06:04:02.142: [INFO][SyncManagerImpl::ConfigureSyncer] Types to download:  with reason: 4
2026-09-15 06:04:02.142: [INFO][SyncEngineBackend::DoFinishConfigureDataTypes] Failed to download types:  and succeeded types: 
2026-09-15 06:04:02.142: [INFO][Sync] ConfigurationDone, failed: , succeeded: , remaining count: 0
2026-09-15 06:04:02.142: [INFO][Sync]     Configuration completed, state: 3
2026-09-15 06:04:02.142: [INFO][Sync] Configured DataTypeManager: Ok
2026-09-15 06:04:02.145: [INFO][SyncEngineBackend::DoStartSyncing] Start syncing
